// Jest Snapshot v1, https://goo.gl/fbAQLP

exports[`Box align 1`] = `
.c3 {
  box-sizing: border-box;
  overflow: auto;
  display: -webkit-box;
  display: -webkit-flex;
  display: -ms-flexbox;
  display: flex;
  -webkit-flex-direction: row;
  -ms-flex-direction: row;
  flex-direction: row;
  -webkit-flex-wrap: nowrap;
  -ms-flex-wrap: nowrap;
  flex-wrap: nowrap;
  -webkit-order: 0;
  -ms-flex-order: 0;
  order: 0;
  -webkit-box-pack: start;
  -webkit-justify-content: flex-start;
  -ms-flex-pack: start;
  justify-content: flex-start;
  -webkit-align-items: stretch;
  -webkit-box-align: stretch;
  -ms-flex-align: stretch;
  align-items: stretch;
  -webkit-align-content: stretch;
  -ms-flex-line-pack: stretch;
  align-content: stretch;
  background-color: none;
  width: auto;
  height: auto;
  max-height: auto;
  margin: 0;
  padding: 0;
}

.c0 {
  box-sizing: border-box;
  overflow: auto;
  display: -webkit-box;
  display: -webkit-flex;
  display: -ms-flexbox;
  display: flex;
  -webkit-flex-direction: row;
  -ms-flex-direction: row;
  flex-direction: row;
  -webkit-flex-wrap: nowrap;
  -ms-flex-wrap: nowrap;
  flex-wrap: nowrap;
  -webkit-order: 0;
  -ms-flex-order: 0;
  order: 0;
  -webkit-box-pack: start;
  -webkit-justify-content: flex-start;
  -ms-flex-pack: start;
  justify-content: flex-start;
  -webkit-align-items: flex-start;
  -webkit-box-align: flex-start;
  -ms-flex-align: flex-start;
  align-items: flex-start;
  -webkit-align-content: stretch;
  -ms-flex-line-pack: stretch;
  align-content: stretch;
  background-color: none;
  width: auto;
  height: auto;
  max-height: auto;
  margin: 0;
  padding: 0;
}

.c1 {
  box-sizing: border-box;
  overflow: auto;
  display: -webkit-box;
  display: -webkit-flex;
  display: -ms-flexbox;
  display: flex;
  -webkit-flex-direction: row;
  -ms-flex-direction: row;
  flex-direction: row;
  -webkit-flex-wrap: nowrap;
  -ms-flex-wrap: nowrap;
  flex-wrap: nowrap;
  -webkit-order: 0;
  -ms-flex-order: 0;
  order: 0;
  -webkit-box-pack: start;
  -webkit-justify-content: flex-start;
  -ms-flex-pack: start;
  justify-content: flex-start;
  -webkit-align-items: flex-end;
  -webkit-box-align: flex-end;
  -ms-flex-align: flex-end;
  align-items: flex-end;
  -webkit-align-content: stretch;
  -ms-flex-line-pack: stretch;
  align-content: stretch;
  background-color: none;
  width: auto;
  height: auto;
  max-height: auto;
  margin: 0;
  padding: 0;
}

.c2 {
  box-sizing: border-box;
  overflow: auto;
  display: -webkit-box;
  display: -webkit-flex;
  display: -ms-flexbox;
  display: flex;
  -webkit-flex-direction: row;
  -ms-flex-direction: row;
  flex-direction: row;
  -webkit-flex-wrap: nowrap;
  -ms-flex-wrap: nowrap;
  flex-wrap: nowrap;
  -webkit-order: 0;
  -ms-flex-order: 0;
  order: 0;
  -webkit-box-pack: start;
  -webkit-justify-content: flex-start;
  -ms-flex-pack: start;
  justify-content: flex-start;
  -webkit-align-items: center;
  -webkit-box-align: center;
  -ms-flex-align: center;
  align-items: center;
  -webkit-align-content: stretch;
  -ms-flex-line-pack: stretch;
  align-content: stretch;
  background-color: none;
  width: auto;
  height: auto;
  max-height: auto;
  margin: 0;
  padding: 0;
}

@media only screen and (min-width:48rem) {
  .c3 {
    margin: 0;
    padding: 0;
  }
}

@media only screen and (min-width:64rem) {
  .c3 {
    margin: 0;
    padding: 0;
  }
}

@media only screen and (min-width:75rem) {
  .c3 {
    margin: 0;
    padding: 0;
  }
}

@media only screen and (min-width:48rem) {
  .c0 {
    margin: 0;
    padding: 0;
  }
}

@media only screen and (min-width:64rem) {
  .c0 {
    margin: 0;
    padding: 0;
  }
}

@media only screen and (min-width:75rem) {
  .c0 {
    margin: 0;
    padding: 0;
  }
}

@media only screen and (min-width:48rem) {
  .c1 {
    margin: 0;
    padding: 0;
  }
}

@media only screen and (min-width:64rem) {
  .c1 {
    margin: 0;
    padding: 0;
  }
}

@media only screen and (min-width:75rem) {
  .c1 {
    margin: 0;
    padding: 0;
  }
}

@media only screen and (min-width:48rem) {
  .c2 {
    margin: 0;
    padding: 0;
  }
}

@media only screen and (min-width:64rem) {
  .c2 {
    margin: 0;
    padding: 0;
  }
}

@media only screen and (min-width:75rem) {
  .c2 {
    margin: 0;
    padding: 0;
  }
}

<div>
  <div
    className="c0"
  />
  <div
    className="c1"
  />
  <div
    className="c2"
  />
  <div
    className="c3"
  />
</div>
`;

exports[`Box alignContent 1`] = `
.c3 {
  box-sizing: border-box;
  overflow: auto;
  display: -webkit-box;
  display: -webkit-flex;
  display: -ms-flexbox;
  display: flex;
  -webkit-flex-direction: row;
  -ms-flex-direction: row;
  flex-direction: row;
  -webkit-flex-wrap: nowrap;
  -ms-flex-wrap: nowrap;
  flex-wrap: nowrap;
  -webkit-order: 0;
  -ms-flex-order: 0;
  order: 0;
  -webkit-box-pack: start;
  -webkit-justify-content: flex-start;
  -ms-flex-pack: start;
  justify-content: flex-start;
  -webkit-align-items: stretch;
  -webkit-box-align: stretch;
  -ms-flex-align: stretch;
  align-items: stretch;
  -webkit-align-content: stretch;
  -ms-flex-line-pack: stretch;
  align-content: stretch;
  background-color: none;
  width: auto;
  height: auto;
  max-height: auto;
  margin: 0;
  padding: 0;
}

.c0 {
  box-sizing: border-box;
  overflow: auto;
  display: -webkit-box;
  display: -webkit-flex;
  display: -ms-flexbox;
  display: flex;
  -webkit-flex-direction: row;
  -ms-flex-direction: row;
  flex-direction: row;
  -webkit-flex-wrap: nowrap;
  -ms-flex-wrap: nowrap;
  flex-wrap: nowrap;
  -webkit-order: 0;
  -ms-flex-order: 0;
  order: 0;
  -webkit-box-pack: start;
  -webkit-justify-content: flex-start;
  -ms-flex-pack: start;
  justify-content: flex-start;
  -webkit-align-items: stretch;
  -webkit-box-align: stretch;
  -ms-flex-align: stretch;
  align-items: stretch;
  -webkit-align-content: flex-start;
  -ms-flex-line-pack: start;
  align-content: flex-start;
  background-color: none;
  width: auto;
  height: auto;
  max-height: auto;
  margin: 0;
  padding: 0;
}

.c1 {
  box-sizing: border-box;
  overflow: auto;
  display: -webkit-box;
  display: -webkit-flex;
  display: -ms-flexbox;
  display: flex;
  -webkit-flex-direction: row;
  -ms-flex-direction: row;
  flex-direction: row;
  -webkit-flex-wrap: nowrap;
  -ms-flex-wrap: nowrap;
  flex-wrap: nowrap;
  -webkit-order: 0;
  -ms-flex-order: 0;
  order: 0;
  -webkit-box-pack: start;
  -webkit-justify-content: flex-start;
  -ms-flex-pack: start;
  justify-content: flex-start;
  -webkit-align-items: stretch;
  -webkit-box-align: stretch;
  -ms-flex-align: stretch;
  align-items: stretch;
  -webkit-align-content: flex-end;
  -ms-flex-line-pack: end;
  align-content: flex-end;
  background-color: none;
  width: auto;
  height: auto;
  max-height: auto;
  margin: 0;
  padding: 0;
}

.c2 {
  box-sizing: border-box;
  overflow: auto;
  display: -webkit-box;
  display: -webkit-flex;
  display: -ms-flexbox;
  display: flex;
  -webkit-flex-direction: row;
  -ms-flex-direction: row;
  flex-direction: row;
  -webkit-flex-wrap: nowrap;
  -ms-flex-wrap: nowrap;
  flex-wrap: nowrap;
  -webkit-order: 0;
  -ms-flex-order: 0;
  order: 0;
  -webkit-box-pack: start;
  -webkit-justify-content: flex-start;
  -ms-flex-pack: start;
  justify-content: flex-start;
  -webkit-align-items: stretch;
  -webkit-box-align: stretch;
  -ms-flex-align: stretch;
  align-items: stretch;
  -webkit-align-content: center;
  -ms-flex-line-pack: center;
  align-content: center;
  background-color: none;
  width: auto;
  height: auto;
  max-height: auto;
  margin: 0;
  padding: 0;
}

.c4 {
  box-sizing: border-box;
  overflow: auto;
  display: -webkit-box;
  display: -webkit-flex;
  display: -ms-flexbox;
  display: flex;
  -webkit-flex-direction: row;
  -ms-flex-direction: row;
  flex-direction: row;
  -webkit-flex-wrap: nowrap;
  -ms-flex-wrap: nowrap;
  flex-wrap: nowrap;
  -webkit-order: 0;
  -ms-flex-order: 0;
  order: 0;
  -webkit-box-pack: start;
  -webkit-justify-content: flex-start;
  -ms-flex-pack: start;
  justify-content: flex-start;
  -webkit-align-items: stretch;
  -webkit-box-align: stretch;
  -ms-flex-align: stretch;
  align-items: stretch;
  -webkit-align-content: space-between;
  -ms-flex-line-pack: space-between;
  align-content: space-between;
  background-color: none;
  width: auto;
  height: auto;
  max-height: auto;
  margin: 0;
  padding: 0;
}

.c5 {
  box-sizing: border-box;
  overflow: auto;
  display: -webkit-box;
  display: -webkit-flex;
  display: -ms-flexbox;
  display: flex;
  -webkit-flex-direction: row;
  -ms-flex-direction: row;
  flex-direction: row;
  -webkit-flex-wrap: nowrap;
  -ms-flex-wrap: nowrap;
  flex-wrap: nowrap;
  -webkit-order: 0;
  -ms-flex-order: 0;
  order: 0;
  -webkit-box-pack: start;
  -webkit-justify-content: flex-start;
  -ms-flex-pack: start;
  justify-content: flex-start;
  -webkit-align-items: stretch;
  -webkit-box-align: stretch;
  -ms-flex-align: stretch;
  align-items: stretch;
  -webkit-align-content: space-around;
  -ms-flex-line-pack: space-around;
  align-content: space-around;
  background-color: none;
  width: auto;
  height: auto;
  max-height: auto;
  margin: 0;
  padding: 0;
}

@media only screen and (min-width:48rem) {
  .c3 {
    margin: 0;
    padding: 0;
  }
}

@media only screen and (min-width:64rem) {
  .c3 {
    margin: 0;
    padding: 0;
  }
}

@media only screen and (min-width:75rem) {
  .c3 {
    margin: 0;
    padding: 0;
  }
}

@media only screen and (min-width:48rem) {
  .c0 {
    margin: 0;
    padding: 0;
  }
}

@media only screen and (min-width:64rem) {
  .c0 {
    margin: 0;
    padding: 0;
  }
}

@media only screen and (min-width:75rem) {
  .c0 {
    margin: 0;
    padding: 0;
  }
}

@media only screen and (min-width:48rem) {
  .c1 {
    margin: 0;
    padding: 0;
  }
}

@media only screen and (min-width:64rem) {
  .c1 {
    margin: 0;
    padding: 0;
  }
}

@media only screen and (min-width:75rem) {
  .c1 {
    margin: 0;
    padding: 0;
  }
}

@media only screen and (min-width:48rem) {
  .c2 {
    margin: 0;
    padding: 0;
  }
}

@media only screen and (min-width:64rem) {
  .c2 {
    margin: 0;
    padding: 0;
  }
}

@media only screen and (min-width:75rem) {
  .c2 {
    margin: 0;
    padding: 0;
  }
}

@media only screen and (min-width:48rem) {
  .c4 {
    margin: 0;
    padding: 0;
  }
}

@media only screen and (min-width:64rem) {
  .c4 {
    margin: 0;
    padding: 0;
  }
}

@media only screen and (min-width:75rem) {
  .c4 {
    margin: 0;
    padding: 0;
  }
}

@media only screen and (min-width:48rem) {
  .c5 {
    margin: 0;
    padding: 0;
  }
}

@media only screen and (min-width:64rem) {
  .c5 {
    margin: 0;
    padding: 0;
  }
}

@media only screen and (min-width:75rem) {
  .c5 {
    margin: 0;
    padding: 0;
  }
}

<div>
  <div
    className="c0"
  />
  <div
    className="c1"
  />
  <div
    className="c2"
  />
  <div
    className="c3"
  />
  <div
    className="c4"
  />
  <div
    className="c5"
  />
</div>
`;

exports[`Box alignSelf 1`] = `
.c0 {
  box-sizing: border-box;
  overflow: auto;
  display: -webkit-box;
  display: -webkit-flex;
  display: -ms-flexbox;
  display: flex;
  -webkit-flex-direction: row;
  -ms-flex-direction: row;
  flex-direction: row;
  -webkit-flex-wrap: nowrap;
  -ms-flex-wrap: nowrap;
  flex-wrap: nowrap;
  -webkit-order: 0;
  -ms-flex-order: 0;
  order: 0;
  -webkit-box-pack: start;
  -webkit-justify-content: flex-start;
  -ms-flex-pack: start;
  justify-content: flex-start;
  -webkit-align-items: stretch;
  -webkit-box-align: stretch;
  -ms-flex-align: stretch;
  align-items: stretch;
  -webkit-align-content: stretch;
  -ms-flex-line-pack: stretch;
  align-content: stretch;
  background-color: none;
  width: auto;
  height: auto;
  max-height: auto;
  margin: 0;
  padding: 0;
}

.c1 {
  box-sizing: border-box;
  overflow: auto;
  display: -webkit-box;
  display: -webkit-flex;
  display: -ms-flexbox;
  display: flex;
  -webkit-flex-direction: row;
  -ms-flex-direction: row;
  flex-direction: row;
  -webkit-flex-wrap: nowrap;
  -ms-flex-wrap: nowrap;
  flex-wrap: nowrap;
  -webkit-order: 0;
  -ms-flex-order: 0;
  order: 0;
  -webkit-box-pack: start;
  -webkit-justify-content: flex-start;
  -ms-flex-pack: start;
  justify-content: flex-start;
  -webkit-align-items: stretch;
  -webkit-box-align: stretch;
  -ms-flex-align: stretch;
  align-items: stretch;
  -webkit-align-self: flex-start;
  -ms-flex-item-align: start;
  align-self: flex-start;
  -webkit-align-content: stretch;
  -ms-flex-line-pack: stretch;
  align-content: stretch;
  background-color: none;
  width: auto;
  height: auto;
  max-height: auto;
  margin: 0;
  padding: 0;
}

.c2 {
  box-sizing: border-box;
  overflow: auto;
  display: -webkit-box;
  display: -webkit-flex;
  display: -ms-flexbox;
  display: flex;
  -webkit-flex-direction: row;
  -ms-flex-direction: row;
  flex-direction: row;
  -webkit-flex-wrap: nowrap;
  -ms-flex-wrap: nowrap;
  flex-wrap: nowrap;
  -webkit-order: 0;
  -ms-flex-order: 0;
  order: 0;
  -webkit-box-pack: start;
  -webkit-justify-content: flex-start;
  -ms-flex-pack: start;
  justify-content: flex-start;
  -webkit-align-items: stretch;
  -webkit-box-align: stretch;
  -ms-flex-align: stretch;
  align-items: stretch;
  -webkit-align-self: flex-end;
  -ms-flex-item-align: end;
  align-self: flex-end;
  -webkit-align-content: stretch;
  -ms-flex-line-pack: stretch;
  align-content: stretch;
  background-color: none;
  width: auto;
  height: auto;
  max-height: auto;
  margin: 0;
  padding: 0;
}

.c3 {
  box-sizing: border-box;
  overflow: auto;
  display: -webkit-box;
  display: -webkit-flex;
  display: -ms-flexbox;
  display: flex;
  -webkit-flex-direction: row;
  -ms-flex-direction: row;
  flex-direction: row;
  -webkit-flex-wrap: nowrap;
  -ms-flex-wrap: nowrap;
  flex-wrap: nowrap;
  -webkit-order: 0;
  -ms-flex-order: 0;
  order: 0;
  -webkit-box-pack: start;
  -webkit-justify-content: flex-start;
  -ms-flex-pack: start;
  justify-content: flex-start;
  -webkit-align-items: stretch;
  -webkit-box-align: stretch;
  -ms-flex-align: stretch;
  align-items: stretch;
  -webkit-align-self: center;
  -ms-flex-item-align: center;
  align-self: center;
  -webkit-align-content: stretch;
  -ms-flex-line-pack: stretch;
  align-content: stretch;
  background-color: none;
  width: auto;
  height: auto;
  max-height: auto;
  margin: 0;
  padding: 0;
}

.c4 {
  box-sizing: border-box;
  overflow: auto;
  display: -webkit-box;
  display: -webkit-flex;
  display: -ms-flexbox;
  display: flex;
  -webkit-flex-direction: row;
  -ms-flex-direction: row;
  flex-direction: row;
  -webkit-flex-wrap: nowrap;
  -ms-flex-wrap: nowrap;
  flex-wrap: nowrap;
  -webkit-order: 0;
  -ms-flex-order: 0;
  order: 0;
  -webkit-box-pack: start;
  -webkit-justify-content: flex-start;
  -ms-flex-pack: start;
  justify-content: flex-start;
  -webkit-align-items: stretch;
  -webkit-box-align: stretch;
  -ms-flex-align: stretch;
  align-items: stretch;
  -webkit-align-self: stretch;
  -ms-flex-item-align: stretch;
  align-self: stretch;
  -webkit-align-content: stretch;
  -ms-flex-line-pack: stretch;
  align-content: stretch;
  background-color: none;
  width: auto;
  height: auto;
  max-height: auto;
  margin: 0;
  padding: 0;
}

@media only screen and (min-width:48rem) {
  .c0 {
    margin: 0;
    padding: 0;
  }
}

@media only screen and (min-width:64rem) {
  .c0 {
    margin: 0;
    padding: 0;
  }
}

@media only screen and (min-width:75rem) {
  .c0 {
    margin: 0;
    padding: 0;
  }
}

@media only screen and (min-width:48rem) {
  .c1 {
    margin: 0;
    padding: 0;
  }
}

@media only screen and (min-width:64rem) {
  .c1 {
    margin: 0;
    padding: 0;
  }
}

@media only screen and (min-width:75rem) {
  .c1 {
    margin: 0;
    padding: 0;
  }
}

@media only screen and (min-width:48rem) {
  .c2 {
    margin: 0;
    padding: 0;
  }
}

@media only screen and (min-width:64rem) {
  .c2 {
    margin: 0;
    padding: 0;
  }
}

@media only screen and (min-width:75rem) {
  .c2 {
    margin: 0;
    padding: 0;
  }
}

@media only screen and (min-width:48rem) {
  .c3 {
    margin: 0;
    padding: 0;
  }
}

@media only screen and (min-width:64rem) {
  .c3 {
    margin: 0;
    padding: 0;
  }
}

@media only screen and (min-width:75rem) {
  .c3 {
    margin: 0;
    padding: 0;
  }
}

@media only screen and (min-width:48rem) {
  .c4 {
    margin: 0;
    padding: 0;
  }
}

@media only screen and (min-width:64rem) {
  .c4 {
    margin: 0;
    padding: 0;
  }
}

@media only screen and (min-width:75rem) {
  .c4 {
    margin: 0;
    padding: 0;
  }
}

<div>
  <div
    className="c0"
  />
  <div
    className="c1"
  />
  <div
    className="c2"
  />
  <div
    className="c3"
  />
  <div
    className="c4"
  />
</div>
`;

exports[`Box as 1`] = `
.c0 {
  box-sizing: border-box;
  overflow: auto;
  display: -webkit-box;
  display: -webkit-flex;
  display: -ms-flexbox;
  display: flex;
  -webkit-flex-direction: row;
  -ms-flex-direction: row;
  flex-direction: row;
  -webkit-flex-wrap: nowrap;
  -ms-flex-wrap: nowrap;
  flex-wrap: nowrap;
  -webkit-order: 0;
  -ms-flex-order: 0;
  order: 0;
  -webkit-box-pack: start;
  -webkit-justify-content: flex-start;
  -ms-flex-pack: start;
  justify-content: flex-start;
  -webkit-align-items: stretch;
  -webkit-box-align: stretch;
  -ms-flex-align: stretch;
  align-items: stretch;
  -webkit-align-content: stretch;
  -ms-flex-line-pack: stretch;
  align-content: stretch;
  background-color: none;
  width: auto;
  height: auto;
  max-height: auto;
  margin: 0;
  padding: 0;
}

@media only screen and (min-width:48rem) {
  .c0 {
    margin: 0;
    padding: 0;
  }
}

@media only screen and (min-width:64rem) {
  .c0 {
    margin: 0;
    padding: 0;
  }
}

@media only screen and (min-width:75rem) {
  .c0 {
    margin: 0;
    padding: 0;
  }
}

<div>
  <section
    className="c0"
  />
</div>
`;

exports[`Box default 1`] = `
.c0 {
  box-sizing: border-box;
  overflow: auto;
  display: -webkit-box;
  display: -webkit-flex;
  display: -ms-flexbox;
  display: flex;
  -webkit-flex-direction: row;
  -ms-flex-direction: row;
  flex-direction: row;
  -webkit-flex-wrap: nowrap;
  -ms-flex-wrap: nowrap;
  flex-wrap: nowrap;
  -webkit-order: 0;
  -ms-flex-order: 0;
  order: 0;
  -webkit-box-pack: start;
  -webkit-justify-content: flex-start;
  -ms-flex-pack: start;
  justify-content: flex-start;
  -webkit-align-items: stretch;
  -webkit-box-align: stretch;
  -ms-flex-align: stretch;
  align-items: stretch;
  -webkit-align-content: stretch;
  -ms-flex-line-pack: stretch;
  align-content: stretch;
  background-color: none;
  width: auto;
  height: auto;
  max-height: auto;
  margin: 0;
  padding: 0;
}

@media only screen and (min-width:48rem) {
  .c0 {
    margin: 0;
    padding: 0;
  }
}

@media only screen and (min-width:64rem) {
  .c0 {
    margin: 0;
    padding: 0;
  }
}

@media only screen and (min-width:75rem) {
  .c0 {
    margin: 0;
    padding: 0;
  }
}

<div>
  <div
    className="c0"
  />
</div>
`;

exports[`Box direction 1`] = `
.c0 {
  box-sizing: border-box;
  overflow: auto;
  display: -webkit-box;
  display: -webkit-flex;
  display: -ms-flexbox;
  display: flex;
  -webkit-flex-direction: row;
  -ms-flex-direction: row;
  flex-direction: row;
  -webkit-flex-wrap: nowrap;
  -ms-flex-wrap: nowrap;
  flex-wrap: nowrap;
  -webkit-order: 0;
  -ms-flex-order: 0;
  order: 0;
  -webkit-box-pack: start;
  -webkit-justify-content: flex-start;
  -ms-flex-pack: start;
  justify-content: flex-start;
  -webkit-align-items: stretch;
  -webkit-box-align: stretch;
  -ms-flex-align: stretch;
  align-items: stretch;
  -webkit-align-content: stretch;
  -ms-flex-line-pack: stretch;
  align-content: stretch;
  background-color: none;
  width: auto;
  height: auto;
  max-height: auto;
  margin: 0;
  padding: 0;
}

.c1 {
  box-sizing: border-box;
  overflow: auto;
  display: -webkit-box;
  display: -webkit-flex;
  display: -ms-flexbox;
  display: flex;
  -webkit-flex-direction: row-reverse;
  -ms-flex-direction: row-reverse;
  flex-direction: row-reverse;
  -webkit-flex-wrap: nowrap;
  -ms-flex-wrap: nowrap;
  flex-wrap: nowrap;
  -webkit-order: 0;
  -ms-flex-order: 0;
  order: 0;
  -webkit-box-pack: start;
  -webkit-justify-content: flex-start;
  -ms-flex-pack: start;
  justify-content: flex-start;
  -webkit-align-items: stretch;
  -webkit-box-align: stretch;
  -ms-flex-align: stretch;
  align-items: stretch;
  -webkit-align-content: stretch;
  -ms-flex-line-pack: stretch;
  align-content: stretch;
  background-color: none;
  width: auto;
  height: auto;
  max-height: auto;
  margin: 0;
  padding: 0;
}

.c2 {
  box-sizing: border-box;
  overflow: auto;
  display: -webkit-box;
  display: -webkit-flex;
  display: -ms-flexbox;
  display: flex;
  -webkit-flex-direction: column;
  -ms-flex-direction: column;
  flex-direction: column;
  -webkit-flex-wrap: nowrap;
  -ms-flex-wrap: nowrap;
  flex-wrap: nowrap;
  -webkit-order: 0;
  -ms-flex-order: 0;
  order: 0;
  -webkit-box-pack: start;
  -webkit-justify-content: flex-start;
  -ms-flex-pack: start;
  justify-content: flex-start;
  -webkit-align-items: stretch;
  -webkit-box-align: stretch;
  -ms-flex-align: stretch;
  align-items: stretch;
  -webkit-align-content: stretch;
  -ms-flex-line-pack: stretch;
  align-content: stretch;
  background-color: none;
  width: auto;
  height: auto;
  max-height: auto;
  margin: 0;
  padding: 0;
}

.c3 {
  box-sizing: border-box;
  overflow: auto;
  display: -webkit-box;
  display: -webkit-flex;
  display: -ms-flexbox;
  display: flex;
  -webkit-flex-direction: column-reverse;
  -ms-flex-direction: column-reverse;
  flex-direction: column-reverse;
  -webkit-flex-wrap: nowrap;
  -ms-flex-wrap: nowrap;
  flex-wrap: nowrap;
  -webkit-order: 0;
  -ms-flex-order: 0;
  order: 0;
  -webkit-box-pack: start;
  -webkit-justify-content: flex-start;
  -ms-flex-pack: start;
  justify-content: flex-start;
  -webkit-align-items: stretch;
  -webkit-box-align: stretch;
  -ms-flex-align: stretch;
  align-items: stretch;
  -webkit-align-content: stretch;
  -ms-flex-line-pack: stretch;
  align-content: stretch;
  background-color: none;
  width: auto;
  height: auto;
  max-height: auto;
  margin: 0;
  padding: 0;
}

@media only screen and (min-width:48rem) {
  .c0 {
    margin: 0;
    padding: 0;
  }
}

@media only screen and (min-width:64rem) {
  .c0 {
    margin: 0;
    padding: 0;
  }
}

@media only screen and (min-width:75rem) {
  .c0 {
    margin: 0;
    padding: 0;
  }
}

@media only screen and (min-width:48rem) {
  .c1 {
    margin: 0;
    padding: 0;
  }
}

@media only screen and (min-width:64rem) {
  .c1 {
    margin: 0;
    padding: 0;
  }
}

@media only screen and (min-width:75rem) {
  .c1 {
    margin: 0;
    padding: 0;
  }
}

@media only screen and (min-width:48rem) {
  .c2 {
    margin: 0;
    padding: 0;
  }
}

@media only screen and (min-width:64rem) {
  .c2 {
    margin: 0;
    padding: 0;
  }
}

@media only screen and (min-width:75rem) {
  .c2 {
    margin: 0;
    padding: 0;
  }
}

@media only screen and (min-width:48rem) {
  .c3 {
    margin: 0;
    padding: 0;
  }
}

@media only screen and (min-width:64rem) {
  .c3 {
    margin: 0;
    padding: 0;
  }
}

@media only screen and (min-width:75rem) {
  .c3 {
    margin: 0;
    padding: 0;
  }
}

<div>
  <div
    className="c0"
  />
  <div
    className="c1"
  />
  <div
    className="c2"
  />
  <div
    className="c3"
  />
</div>
`;

exports[`Box height 1`] = `
.c0 {
  box-sizing: border-box;
  overflow: auto;
  display: -webkit-box;
  display: -webkit-flex;
  display: -ms-flexbox;
  display: flex;
  -webkit-flex-direction: row;
  -ms-flex-direction: row;
  flex-direction: row;
  -webkit-flex-wrap: nowrap;
  -ms-flex-wrap: nowrap;
  flex-wrap: nowrap;
  -webkit-order: 0;
  -ms-flex-order: 0;
  order: 0;
  -webkit-box-pack: start;
  -webkit-justify-content: flex-start;
  -ms-flex-pack: start;
  justify-content: flex-start;
  -webkit-align-items: stretch;
  -webkit-box-align: stretch;
  -ms-flex-align: stretch;
  align-items: stretch;
  -webkit-align-content: stretch;
  -ms-flex-line-pack: stretch;
  align-content: stretch;
  background-color: none;
  width: auto;
  height: 100px;
  max-height: 100px;
  margin: 0;
  padding: 0;
}

@media only screen and (min-width:48rem) {
  .c0 {
    margin: 0;
    padding: 0;
  }
}

@media only screen and (min-width:64rem) {
  .c0 {
    margin: 0;
    padding: 0;
  }
}

@media only screen and (min-width:75rem) {
  .c0 {
    margin: 0;
    padding: 0;
  }
}

<div>
  <div
    className="c0"
  />
</div>
`;

exports[`Box justify 1`] = `
.c0 {
  box-sizing: border-box;
  overflow: auto;
  display: -webkit-box;
  display: -webkit-flex;
  display: -ms-flexbox;
  display: flex;
  -webkit-flex-direction: row;
  -ms-flex-direction: row;
  flex-direction: row;
  -webkit-flex-wrap: nowrap;
  -ms-flex-wrap: nowrap;
  flex-wrap: nowrap;
  -webkit-order: 0;
  -ms-flex-order: 0;
  order: 0;
  -webkit-box-pack: start;
  -webkit-justify-content: flex-start;
  -ms-flex-pack: start;
  justify-content: flex-start;
  -webkit-align-items: stretch;
  -webkit-box-align: stretch;
  -ms-flex-align: stretch;
  align-items: stretch;
  -webkit-align-content: stretch;
  -ms-flex-line-pack: stretch;
  align-content: stretch;
  background-color: none;
  width: auto;
  height: auto;
  max-height: auto;
  margin: 0;
  padding: 0;
}

.c1 {
  box-sizing: border-box;
  overflow: auto;
  display: -webkit-box;
  display: -webkit-flex;
  display: -ms-flexbox;
  display: flex;
  -webkit-flex-direction: row;
  -ms-flex-direction: row;
  flex-direction: row;
  -webkit-flex-wrap: nowrap;
  -ms-flex-wrap: nowrap;
  flex-wrap: nowrap;
  -webkit-order: 0;
  -ms-flex-order: 0;
  order: 0;
  -webkit-box-pack: end;
  -webkit-justify-content: flex-end;
  -ms-flex-pack: end;
  justify-content: flex-end;
  -webkit-align-items: stretch;
  -webkit-box-align: stretch;
  -ms-flex-align: stretch;
  align-items: stretch;
  -webkit-align-content: stretch;
  -ms-flex-line-pack: stretch;
  align-content: stretch;
  background-color: none;
  width: auto;
  height: auto;
  max-height: auto;
  margin: 0;
  padding: 0;
}

.c2 {
  box-sizing: border-box;
  overflow: auto;
  display: -webkit-box;
  display: -webkit-flex;
  display: -ms-flexbox;
  display: flex;
  -webkit-flex-direction: row;
  -ms-flex-direction: row;
  flex-direction: row;
  -webkit-flex-wrap: nowrap;
  -ms-flex-wrap: nowrap;
  flex-wrap: nowrap;
  -webkit-order: 0;
  -ms-flex-order: 0;
  order: 0;
  -webkit-box-pack: center;
  -webkit-justify-content: center;
  -ms-flex-pack: center;
  justify-content: center;
  -webkit-align-items: stretch;
  -webkit-box-align: stretch;
  -ms-flex-align: stretch;
  align-items: stretch;
  -webkit-align-content: stretch;
  -ms-flex-line-pack: stretch;
  align-content: stretch;
  background-color: none;
  width: auto;
  height: auto;
  max-height: auto;
  margin: 0;
  padding: 0;
}

.c3 {
  box-sizing: border-box;
  overflow: auto;
  display: -webkit-box;
  display: -webkit-flex;
  display: -ms-flexbox;
  display: flex;
  -webkit-flex-direction: row;
  -ms-flex-direction: row;
  flex-direction: row;
  -webkit-flex-wrap: nowrap;
  -ms-flex-wrap: nowrap;
  flex-wrap: nowrap;
  -webkit-order: 0;
  -ms-flex-order: 0;
  order: 0;
  -webkit-box-pack: justify;
  -webkit-justify-content: space-between;
  -ms-flex-pack: justify;
  justify-content: space-between;
  -webkit-align-items: stretch;
  -webkit-box-align: stretch;
  -ms-flex-align: stretch;
  align-items: stretch;
  -webkit-align-content: stretch;
  -ms-flex-line-pack: stretch;
  align-content: stretch;
  background-color: none;
  width: auto;
  height: auto;
  max-height: auto;
  margin: 0;
  padding: 0;
}

.c4 {
  box-sizing: border-box;
  overflow: auto;
  display: -webkit-box;
  display: -webkit-flex;
  display: -ms-flexbox;
  display: flex;
  -webkit-flex-direction: row;
  -ms-flex-direction: row;
  flex-direction: row;
  -webkit-flex-wrap: nowrap;
  -ms-flex-wrap: nowrap;
  flex-wrap: nowrap;
  -webkit-order: 0;
  -ms-flex-order: 0;
  order: 0;
  -webkit-box-pack: space-around;
  -webkit-justify-content: space-around;
  -ms-flex-pack: space-around;
  justify-content: space-around;
  -webkit-align-items: stretch;
  -webkit-box-align: stretch;
  -ms-flex-align: stretch;
  align-items: stretch;
  -webkit-align-content: stretch;
  -ms-flex-line-pack: stretch;
  align-content: stretch;
  background-color: none;
  width: auto;
  height: auto;
  max-height: auto;
  margin: 0;
  padding: 0;
}

.c5 {
  box-sizing: border-box;
  overflow: auto;
  display: -webkit-box;
  display: -webkit-flex;
  display: -ms-flexbox;
  display: flex;
  -webkit-flex-direction: row;
  -ms-flex-direction: row;
  flex-direction: row;
  -webkit-flex-wrap: nowrap;
  -ms-flex-wrap: nowrap;
  flex-wrap: nowrap;
  -webkit-order: 0;
  -ms-flex-order: 0;
  order: 0;
  -webkit-box-pack: space-evenly;
  -webkit-justify-content: space-evenly;
  -ms-flex-pack: space-evenly;
  justify-content: space-evenly;
  -webkit-align-items: stretch;
  -webkit-box-align: stretch;
  -ms-flex-align: stretch;
  align-items: stretch;
  -webkit-align-content: stretch;
  -ms-flex-line-pack: stretch;
  align-content: stretch;
  background-color: none;
  width: auto;
  height: auto;
  max-height: auto;
  margin: 0;
  padding: 0;
}

@media only screen and (min-width:48rem) {
  .c0 {
    margin: 0;
    padding: 0;
  }
}

@media only screen and (min-width:64rem) {
  .c0 {
    margin: 0;
    padding: 0;
  }
}

@media only screen and (min-width:75rem) {
  .c0 {
    margin: 0;
    padding: 0;
  }
}

@media only screen and (min-width:48rem) {
  .c1 {
    margin: 0;
    padding: 0;
  }
}

@media only screen and (min-width:64rem) {
  .c1 {
    margin: 0;
    padding: 0;
  }
}

@media only screen and (min-width:75rem) {
  .c1 {
    margin: 0;
    padding: 0;
  }
}

@media only screen and (min-width:48rem) {
  .c2 {
    margin: 0;
    padding: 0;
  }
}

@media only screen and (min-width:64rem) {
  .c2 {
    margin: 0;
    padding: 0;
  }
}

@media only screen and (min-width:75rem) {
  .c2 {
    margin: 0;
    padding: 0;
  }
}

@media only screen and (min-width:48rem) {
  .c3 {
    margin: 0;
    padding: 0;
  }
}

@media only screen and (min-width:64rem) {
  .c3 {
    margin: 0;
    padding: 0;
  }
}

@media only screen and (min-width:75rem) {
  .c3 {
    margin: 0;
    padding: 0;
  }
}

@media only screen and (min-width:48rem) {
  .c4 {
    margin: 0;
    padding: 0;
  }
}

@media only screen and (min-width:64rem) {
  .c4 {
    margin: 0;
    padding: 0;
  }
}

@media only screen and (min-width:75rem) {
  .c4 {
    margin: 0;
    padding: 0;
  }
}

@media only screen and (min-width:48rem) {
  .c5 {
    margin: 0;
    padding: 0;
  }
}

@media only screen and (min-width:64rem) {
  .c5 {
    margin: 0;
    padding: 0;
  }
}

@media only screen and (min-width:75rem) {
  .c5 {
    margin: 0;
    padding: 0;
  }
}

<div>
  <div
    className="c0"
  />
  <div
    className="c1"
  />
  <div
    className="c2"
  />
  <div
    className="c3"
  />
  <div
    className="c4"
  />
  <div
    className="c5"
  />
</div>
`;

exports[`Box margin 1`] = `
.c10 {
  box-sizing: border-box;
  overflow: auto;
  display: -webkit-box;
  display: -webkit-flex;
  display: -ms-flexbox;
  display: flex;
  -webkit-flex-direction: row;
  -ms-flex-direction: row;
  flex-direction: row;
  -webkit-flex-wrap: nowrap;
  -ms-flex-wrap: nowrap;
  flex-wrap: nowrap;
  -webkit-order: 0;
  -ms-flex-order: 0;
  order: 0;
  -webkit-box-pack: start;
  -webkit-justify-content: flex-start;
  -ms-flex-pack: start;
  justify-content: flex-start;
  -webkit-align-items: stretch;
  -webkit-box-align: stretch;
  -ms-flex-align: stretch;
  align-items: stretch;
  -webkit-align-content: stretch;
  -ms-flex-line-pack: stretch;
  align-content: stretch;
  background-color: none;
  width: auto;
  height: auto;
  max-height: auto;
  margin: 0;
  padding: 0;
}

.c0 {
  box-sizing: border-box;
  overflow: auto;
  display: -webkit-box;
  display: -webkit-flex;
  display: -ms-flexbox;
  display: flex;
  -webkit-flex-direction: row;
  -ms-flex-direction: row;
  flex-direction: row;
  -webkit-flex-wrap: nowrap;
  -ms-flex-wrap: nowrap;
  flex-wrap: nowrap;
  -webkit-order: 0;
  -ms-flex-order: 0;
  order: 0;
  -webkit-box-pack: start;
  -webkit-justify-content: flex-start;
  -ms-flex-pack: start;
  justify-content: flex-start;
  -webkit-align-items: stretch;
  -webkit-box-align: stretch;
  -ms-flex-align: stretch;
  align-items: stretch;
  -webkit-align-content: stretch;
  -ms-flex-line-pack: stretch;
  align-content: stretch;
  background-color: none;
  width: auto;
  height: auto;
  max-height: auto;
  margin: 0.4018775720164609rem;
  padding: 0;
}

.c1 {
  box-sizing: border-box;
  overflow: auto;
  display: -webkit-box;
  display: -webkit-flex;
  display: -ms-flexbox;
  display: flex;
  -webkit-flex-direction: row;
  -ms-flex-direction: row;
  flex-direction: row;
  -webkit-flex-wrap: nowrap;
  -ms-flex-wrap: nowrap;
  flex-wrap: nowrap;
  -webkit-order: 0;
  -ms-flex-order: 0;
  order: 0;
  -webkit-box-pack: start;
  -webkit-justify-content: flex-start;
  -ms-flex-pack: start;
  justify-content: flex-start;
  -webkit-align-items: stretch;
  -webkit-box-align: stretch;
  -ms-flex-align: stretch;
  align-items: stretch;
  -webkit-align-content: stretch;
  -ms-flex-line-pack: stretch;
  align-content: stretch;
  background-color: none;
  width: auto;
  height: auto;
  max-height: auto;
  margin: 0.4018775720164609rem 0.6944444444444444rem 0.4018775720164609rem 0.6944444444444444rem;
  padding: 0;
}

.c2 {
  box-sizing: border-box;
  overflow: auto;
  display: -webkit-box;
  display: -webkit-flex;
  display: -ms-flexbox;
  display: flex;
  -webkit-flex-direction: row;
  -ms-flex-direction: row;
  flex-direction: row;
  -webkit-flex-wrap: nowrap;
  -ms-flex-wrap: nowrap;
  flex-wrap: nowrap;
  -webkit-order: 0;
  -ms-flex-order: 0;
  order: 0;
  -webkit-box-pack: start;
  -webkit-justify-content: flex-start;
  -ms-flex-pack: start;
  justify-content: flex-start;
  -webkit-align-items: stretch;
  -webkit-box-align: stretch;
  -ms-flex-align: stretch;
  align-items: stretch;
  -webkit-align-content: stretch;
  -ms-flex-line-pack: stretch;
  align-content: stretch;
  background-color: none;
  width: auto;
  height: auto;
  max-height: auto;
  margin: 0.4018775720164609rem 2.48832rem 1.44rem 0.6944444444444444rem;
  padding: 0;
}

.c3 {
  box-sizing: border-box;
  overflow: auto;
  display: -webkit-box;
  display: -webkit-flex;
  display: -ms-flexbox;
  display: flex;
  -webkit-flex-direction: row;
  -ms-flex-direction: row;
  flex-direction: row;
  -webkit-flex-wrap: nowrap;
  -ms-flex-wrap: nowrap;
  flex-wrap: nowrap;
  -webkit-order: 0;
  -ms-flex-order: 0;
  order: 0;
  -webkit-box-pack: start;
  -webkit-justify-content: flex-start;
  -ms-flex-pack: start;
  justify-content: flex-start;
  -webkit-align-items: stretch;
  -webkit-box-align: stretch;
  -ms-flex-align: stretch;
  align-items: stretch;
  -webkit-align-content: stretch;
  -ms-flex-line-pack: stretch;
  align-content: stretch;
  background-color: none;
  width: auto;
  height: auto;
  max-height: auto;
  margin: 0.4018775720164609rem 1.44rem 0.4018775720164609rem 0.6944444444444444rem;
  padding: 0;
}

.c4 {
  box-sizing: border-box;
  overflow: auto;
  display: -webkit-box;
  display: -webkit-flex;
  display: -ms-flexbox;
  display: flex;
  -webkit-flex-direction: row;
  -ms-flex-direction: row;
  flex-direction: row;
  -webkit-flex-wrap: nowrap;
  -ms-flex-wrap: nowrap;
  flex-wrap: nowrap;
  -webkit-order: 0;
  -ms-flex-order: 0;
  order: 0;
  -webkit-box-pack: start;
  -webkit-justify-content: flex-start;
  -ms-flex-pack: start;
  justify-content: flex-start;
  -webkit-align-items: stretch;
  -webkit-box-align: stretch;
  -ms-flex-align: stretch;
  align-items: stretch;
  -webkit-align-content: stretch;
  -ms-flex-line-pack: stretch;
  align-content: stretch;
  background-color: none;
  width: auto;
  height: auto;
  max-height: auto;
  margin: 0.6944444444444444rem 0.4018775720164609rem 1.44rem 0.4018775720164609rem;
  padding: 0;
}

.c5 {
  box-sizing: border-box;
  overflow: auto;
  display: -webkit-box;
  display: -webkit-flex;
  display: -ms-flexbox;
  display: flex;
  -webkit-flex-direction: row;
  -ms-flex-direction: row;
  flex-direction: row;
  -webkit-flex-wrap: nowrap;
  -ms-flex-wrap: nowrap;
  flex-wrap: nowrap;
  -webkit-order: 0;
  -ms-flex-order: 0;
  order: 0;
  -webkit-box-pack: start;
  -webkit-justify-content: flex-start;
  -ms-flex-pack: start;
  justify-content: flex-start;
  -webkit-align-items: stretch;
  -webkit-box-align: stretch;
  -ms-flex-align: stretch;
  align-items: stretch;
  -webkit-align-content: stretch;
  -ms-flex-line-pack: stretch;
  align-content: stretch;
  background-color: none;
  width: auto;
  height: auto;
  max-height: auto;
  margin: 1em;
  padding: 0;
}

.c6 {
  box-sizing: border-box;
  overflow: auto;
  display: -webkit-box;
  display: -webkit-flex;
  display: -ms-flexbox;
  display: flex;
  -webkit-flex-direction: row;
  -ms-flex-direction: row;
  flex-direction: row;
  -webkit-flex-wrap: nowrap;
  -ms-flex-wrap: nowrap;
  flex-wrap: nowrap;
  -webkit-order: 0;
  -ms-flex-order: 0;
  order: 0;
  -webkit-box-pack: start;
  -webkit-justify-content: flex-start;
  -ms-flex-pack: start;
  justify-content: flex-start;
  -webkit-align-items: stretch;
  -webkit-box-align: stretch;
  -ms-flex-align: stretch;
  align-items: stretch;
  -webkit-align-content: stretch;
  -ms-flex-line-pack: stretch;
  align-content: stretch;
  background-color: none;
  width: auto;
  height: auto;
  max-height: auto;
  margin: 1em 2em 1em 2em;
  padding: 0;
}

.c7 {
  box-sizing: border-box;
  overflow: auto;
  display: -webkit-box;
  display: -webkit-flex;
  display: -ms-flexbox;
  display: flex;
  -webkit-flex-direction: row;
  -ms-flex-direction: row;
  flex-direction: row;
  -webkit-flex-wrap: nowrap;
  -ms-flex-wrap: nowrap;
  flex-wrap: nowrap;
  -webkit-order: 0;
  -ms-flex-order: 0;
  order: 0;
  -webkit-box-pack: start;
  -webkit-justify-content: flex-start;
  -ms-flex-pack: start;
  justify-content: flex-start;
  -webkit-align-items: stretch;
  -webkit-box-align: stretch;
  -ms-flex-align: stretch;
  align-items: stretch;
  -webkit-align-content: stretch;
  -ms-flex-line-pack: stretch;
  align-content: stretch;
  background-color: none;
  width: auto;
  height: auto;
  max-height: auto;
  margin: 1em 4em 3em 2em;
  padding: 0;
}

.c8 {
  box-sizing: border-box;
  overflow: auto;
  display: -webkit-box;
  display: -webkit-flex;
  display: -ms-flexbox;
  display: flex;
  -webkit-flex-direction: row;
  -ms-flex-direction: row;
  flex-direction: row;
  -webkit-flex-wrap: nowrap;
  -ms-flex-wrap: nowrap;
  flex-wrap: nowrap;
  -webkit-order: 0;
  -ms-flex-order: 0;
  order: 0;
  -webkit-box-pack: start;
  -webkit-justify-content: flex-start;
  -ms-flex-pack: start;
  justify-content: flex-start;
  -webkit-align-items: stretch;
  -webkit-box-align: stretch;
  -ms-flex-align: stretch;
  align-items: stretch;
  -webkit-align-content: stretch;
  -ms-flex-line-pack: stretch;
  align-content: stretch;
  background-color: none;
  width: auto;
  height: auto;
  max-height: auto;
  margin: 1em 3em 1em 2em;
  padding: 0;
}

.c9 {
  box-sizing: border-box;
  overflow: auto;
  display: -webkit-box;
  display: -webkit-flex;
  display: -ms-flexbox;
  display: flex;
  -webkit-flex-direction: row;
  -ms-flex-direction: row;
  flex-direction: row;
  -webkit-flex-wrap: nowrap;
  -ms-flex-wrap: nowrap;
  flex-wrap: nowrap;
  -webkit-order: 0;
  -ms-flex-order: 0;
  order: 0;
  -webkit-box-pack: start;
  -webkit-justify-content: flex-start;
  -ms-flex-pack: start;
  justify-content: flex-start;
  -webkit-align-items: stretch;
  -webkit-box-align: stretch;
  -ms-flex-align: stretch;
  align-items: stretch;
  -webkit-align-content: stretch;
  -ms-flex-line-pack: stretch;
  align-content: stretch;
  background-color: none;
  width: auto;
  height: auto;
  max-height: auto;
  margin: 2em 1em 3em 1em;
  padding: 0;
}

.c11 {
  box-sizing: border-box;
  overflow: auto;
  display: -webkit-box;
  display: -webkit-flex;
  display: -ms-flexbox;
  display: flex;
  -webkit-flex-direction: row;
  -ms-flex-direction: row;
  flex-direction: row;
  -webkit-flex-wrap: nowrap;
  -ms-flex-wrap: nowrap;
  flex-wrap: nowrap;
  -webkit-order: 0;
  -ms-flex-order: 0;
  order: 0;
  -webkit-box-pack: start;
  -webkit-justify-content: flex-start;
  -ms-flex-pack: start;
  justify-content: flex-start;
  -webkit-align-items: stretch;
  -webkit-box-align: stretch;
  -ms-flex-align: stretch;
  align-items: stretch;
  -webkit-align-content: stretch;
  -ms-flex-line-pack: stretch;
  align-content: stretch;
  background-color: none;
  width: auto;
  height: auto;
  max-height: auto;
  margin: 0.4018775720164609rem;
  padding: 0;
}

.c12 {
  box-sizing: border-box;
  overflow: auto;
  display: -webkit-box;
  display: -webkit-flex;
  display: -ms-flexbox;
  display: flex;
  -webkit-flex-direction: row;
  -ms-flex-direction: row;
  flex-direction: row;
  -webkit-flex-wrap: nowrap;
  -ms-flex-wrap: nowrap;
  flex-wrap: nowrap;
  -webkit-order: 0;
  -ms-flex-order: 0;
  order: 0;
  -webkit-box-pack: start;
  -webkit-justify-content: flex-start;
  -ms-flex-pack: start;
  justify-content: flex-start;
  -webkit-align-items: stretch;
  -webkit-box-align: stretch;
  -ms-flex-align: stretch;
  align-items: stretch;
  -webkit-align-content: stretch;
  -ms-flex-line-pack: stretch;
  align-content: stretch;
  background-color: none;
  width: auto;
  height: auto;
  max-height: auto;
  margin: 0.4018775720164609rem;
  padding: 0;
}

.c13 {
  box-sizing: border-box;
  overflow: auto;
  display: -webkit-box;
  display: -webkit-flex;
  display: -ms-flexbox;
  display: flex;
  -webkit-flex-direction: row;
  -ms-flex-direction: row;
  flex-direction: row;
  -webkit-flex-wrap: nowrap;
  -ms-flex-wrap: nowrap;
  flex-wrap: nowrap;
  -webkit-order: 0;
  -ms-flex-order: 0;
  order: 0;
  -webkit-box-pack: start;
  -webkit-justify-content: flex-start;
  -ms-flex-pack: start;
  justify-content: flex-start;
  -webkit-align-items: stretch;
  -webkit-box-align: stretch;
  -ms-flex-align: stretch;
  align-items: stretch;
  -webkit-align-content: stretch;
  -ms-flex-line-pack: stretch;
  align-content: stretch;
  background-color: none;
  width: auto;
  height: auto;
  max-height: auto;
  margin: 0.4018775720164609rem;
  padding: 0;
}

@media only screen and (min-width:48rem) {
  .c10 {
    margin: 0;
    padding: 0;
  }
}

@media only screen and (min-width:64rem) {
  .c10 {
    margin: 0;
    padding: 0;
  }
}

@media only screen and (min-width:75rem) {
  .c10 {
    margin: 0;
    padding: 0;
  }
}

@media only screen and (min-width:48rem) {
  .c0 {
    margin: 0.4018775720164609rem;
    padding: 0;
  }
}

@media only screen and (min-width:64rem) {
  .c0 {
    margin: 0.4018775720164609rem;
    padding: 0;
  }
}

@media only screen and (min-width:75rem) {
  .c0 {
    margin: 0.4018775720164609rem;
    padding: 0;
  }
}

@media only screen and (min-width:48rem) {
  .c1 {
    margin: 0.4018775720164609rem 0.6944444444444444rem 0.4018775720164609rem 0.6944444444444444rem;
    padding: 0;
  }
}

@media only screen and (min-width:64rem) {
  .c1 {
    margin: 0.4018775720164609rem 0.6944444444444444rem 0.4018775720164609rem 0.6944444444444444rem;
    padding: 0;
  }
}

@media only screen and (min-width:75rem) {
  .c1 {
    margin: 0.4018775720164609rem 0.6944444444444444rem 0.4018775720164609rem 0.6944444444444444rem;
    padding: 0;
  }
}

@media only screen and (min-width:48rem) {
  .c2 {
    margin: 0.4018775720164609rem 2.48832rem 1.44rem 0.6944444444444444rem;
    padding: 0;
  }
}

@media only screen and (min-width:64rem) {
  .c2 {
    margin: 0.4018775720164609rem 2.48832rem 1.44rem 0.6944444444444444rem;
    padding: 0;
  }
}

@media only screen and (min-width:75rem) {
  .c2 {
    margin: 0.4018775720164609rem 2.48832rem 1.44rem 0.6944444444444444rem;
    padding: 0;
  }
}

@media only screen and (min-width:48rem) {
  .c3 {
    margin: 0.4018775720164609rem 1.44rem 0.4018775720164609rem 0.6944444444444444rem;
    padding: 0;
  }
}

@media only screen and (min-width:64rem) {
  .c3 {
    margin: 0.4018775720164609rem 1.44rem 0.4018775720164609rem 0.6944444444444444rem;
    padding: 0;
  }
}

@media only screen and (min-width:75rem) {
  .c3 {
    margin: 0.4018775720164609rem 1.44rem 0.4018775720164609rem 0.6944444444444444rem;
    padding: 0;
  }
}

@media only screen and (min-width:48rem) {
  .c4 {
    margin: 0.6944444444444444rem 0.4018775720164609rem 1.44rem 0.4018775720164609rem;
    padding: 0;
  }
}

@media only screen and (min-width:64rem) {
  .c4 {
    margin: 0.6944444444444444rem 0.4018775720164609rem 1.44rem 0.4018775720164609rem;
    padding: 0;
  }
}

@media only screen and (min-width:75rem) {
  .c4 {
    margin: 0.6944444444444444rem 0.4018775720164609rem 1.44rem 0.4018775720164609rem;
    padding: 0;
  }
}

@media only screen and (min-width:48rem) {
  .c5 {
    margin: 1em;
    padding: 0;
  }
}

@media only screen and (min-width:64rem) {
  .c5 {
    margin: 1em;
    padding: 0;
  }
}

@media only screen and (min-width:75rem) {
  .c5 {
    margin: 1em;
    padding: 0;
  }
}

@media only screen and (min-width:48rem) {
  .c6 {
    margin: 1em 2em 1em 2em;
    padding: 0;
  }
}

@media only screen and (min-width:64rem) {
  .c6 {
    margin: 1em 2em 1em 2em;
    padding: 0;
  }
}

@media only screen and (min-width:75rem) {
  .c6 {
    margin: 1em 2em 1em 2em;
    padding: 0;
  }
}

@media only screen and (min-width:48rem) {
  .c7 {
    margin: 1em 4em 3em 2em;
    padding: 0;
  }
}

@media only screen and (min-width:64rem) {
  .c7 {
    margin: 1em 4em 3em 2em;
    padding: 0;
  }
}

@media only screen and (min-width:75rem) {
  .c7 {
    margin: 1em 4em 3em 2em;
    padding: 0;
  }
}

@media only screen and (min-width:48rem) {
  .c8 {
    margin: 1em 3em 1em 2em;
    padding: 0;
  }
}

@media only screen and (min-width:64rem) {
  .c8 {
    margin: 1em 3em 1em 2em;
    padding: 0;
  }
}

@media only screen and (min-width:75rem) {
  .c8 {
    margin: 1em 3em 1em 2em;
    padding: 0;
  }
}

@media only screen and (min-width:48rem) {
  .c9 {
    margin: 2em 1em 3em 1em;
    padding: 0;
  }
}

@media only screen and (min-width:64rem) {
  .c9 {
    margin: 2em 1em 3em 1em;
    padding: 0;
  }
}

@media only screen and (min-width:75rem) {
  .c9 {
    margin: 2em 1em 3em 1em;
    padding: 0;
  }
}

@media only screen and (min-width:48rem) {
  .c11 {
    margin: 0.6944444444444444rem;
    padding: 0;
  }
}

@media only screen and (min-width:64rem) {
  .c11 {
    margin: 0.6944444444444444rem;
    padding: 0;
  }
}

@media only screen and (min-width:75rem) {
  .c11 {
    margin: 0.6944444444444444rem;
    padding: 0;
  }
}

@media only screen and (min-width:48rem) {
  .c12 {
    margin: 0.6944444444444444rem;
    padding: 0;
  }
}

@media only screen and (min-width:64rem) {
  .c12 {
    margin: 1.44rem;
    padding: 0;
  }
}

@media only screen and (min-width:75rem) {
  .c12 {
    margin: 1.44rem;
    padding: 0;
  }
}

@media only screen and (min-width:48rem) {
  .c13 {
    margin: 0.6944444444444444rem;
    padding: 0;
  }
}

@media only screen and (min-width:64rem) {
  .c13 {
    margin: 1.44rem;
    padding: 0;
  }
}

@media only screen and (min-width:75rem) {
  .c13 {
    margin: 2.48832rem;
    padding: 0;
  }
}

<div>
  <div
    className="c0"
  />
  <div
    className="c1"
  />
  <div
    className="c2"
  />
  <div
    className="c3"
  />
  <div
    className="c4"
  />
  <div
    className="c5"
  />
  <div
    className="c6"
  />
  <div
    className="c7"
  />
  <div
    className="c8"
  />
  <div
    className="c9"
  />
  <div
    className="c10"
  />
  <div
    className="c0"
  />
  <div
    className="c11"
  />
  <div
    className="c12"
  />
  <div
    className="c13"
  />
</div>
`;

exports[`Box order 1`] = `
.c0 {
  box-sizing: border-box;
  overflow: auto;
  display: -webkit-box;
  display: -webkit-flex;
  display: -ms-flexbox;
  display: flex;
  -webkit-flex-direction: row;
  -ms-flex-direction: row;
  flex-direction: row;
  -webkit-flex-wrap: nowrap;
  -ms-flex-wrap: nowrap;
  flex-wrap: nowrap;
  -webkit-order: 1;
  -ms-flex-order: 1;
  order: 1;
  -webkit-box-pack: start;
  -webkit-justify-content: flex-start;
  -ms-flex-pack: start;
  justify-content: flex-start;
  -webkit-align-items: stretch;
  -webkit-box-align: stretch;
  -ms-flex-align: stretch;
  align-items: stretch;
  -webkit-align-content: stretch;
  -ms-flex-line-pack: stretch;
  align-content: stretch;
  background-color: none;
  width: auto;
  height: auto;
  max-height: auto;
  margin: 0;
  padding: 0;
}

@media only screen and (min-width:48rem) {
  .c0 {
    margin: 0;
    padding: 0;
  }
}

@media only screen and (min-width:64rem) {
  .c0 {
    margin: 0;
    padding: 0;
  }
}

@media only screen and (min-width:75rem) {
  .c0 {
    margin: 0;
    padding: 0;
  }
}

<div>
  <div
    className="c0"
  />
</div>
`;

exports[`Box overflow 1`] = `
.c0 {
  box-sizing: border-box;
  overflow: auto;
  display: -webkit-box;
  display: -webkit-flex;
  display: -ms-flexbox;
  display: flex;
  -webkit-flex-direction: row;
  -ms-flex-direction: row;
  flex-direction: row;
  -webkit-flex-wrap: nowrap;
  -ms-flex-wrap: nowrap;
  flex-wrap: nowrap;
  -webkit-order: 0;
  -ms-flex-order: 0;
  order: 0;
  -webkit-box-pack: start;
  -webkit-justify-content: flex-start;
  -ms-flex-pack: start;
  justify-content: flex-start;
  -webkit-align-items: stretch;
  -webkit-box-align: stretch;
  -ms-flex-align: stretch;
  align-items: stretch;
  -webkit-align-content: stretch;
  -ms-flex-line-pack: stretch;
  align-content: stretch;
  background-color: none;
  width: auto;
  height: auto;
  max-height: auto;
  margin: 0;
  padding: 0;
}

.c1 {
  box-sizing: border-box;
  overflow: scroll;
  display: -webkit-box;
  display: -webkit-flex;
  display: -ms-flexbox;
  display: flex;
  -webkit-flex-direction: row;
  -ms-flex-direction: row;
  flex-direction: row;
  -webkit-flex-wrap: nowrap;
  -ms-flex-wrap: nowrap;
  flex-wrap: nowrap;
  -webkit-order: 0;
  -ms-flex-order: 0;
  order: 0;
  -webkit-box-pack: start;
  -webkit-justify-content: flex-start;
  -ms-flex-pack: start;
  justify-content: flex-start;
  -webkit-align-items: stretch;
  -webkit-box-align: stretch;
  -ms-flex-align: stretch;
  align-items: stretch;
  -webkit-align-content: stretch;
  -ms-flex-line-pack: stretch;
  align-content: stretch;
  background-color: none;
  width: auto;
  height: auto;
  max-height: auto;
  margin: 0;
  padding: 0;
}

.c2 {
  box-sizing: border-box;
  overflow: hidden;
  display: -webkit-box;
  display: -webkit-flex;
  display: -ms-flexbox;
  display: flex;
  -webkit-flex-direction: row;
  -ms-flex-direction: row;
  flex-direction: row;
  -webkit-flex-wrap: nowrap;
  -ms-flex-wrap: nowrap;
  flex-wrap: nowrap;
  -webkit-order: 0;
  -ms-flex-order: 0;
  order: 0;
  -webkit-box-pack: start;
  -webkit-justify-content: flex-start;
  -ms-flex-pack: start;
  justify-content: flex-start;
  -webkit-align-items: stretch;
  -webkit-box-align: stretch;
  -ms-flex-align: stretch;
  align-items: stretch;
  -webkit-align-content: stretch;
  -ms-flex-line-pack: stretch;
  align-content: stretch;
  background-color: none;
  width: auto;
  height: auto;
  max-height: auto;
  margin: 0;
  padding: 0;
}

.c3 {
  box-sizing: border-box;
  overflow: visible;
  display: -webkit-box;
  display: -webkit-flex;
  display: -ms-flexbox;
  display: flex;
  -webkit-flex-direction: row;
  -ms-flex-direction: row;
  flex-direction: row;
  -webkit-flex-wrap: nowrap;
  -ms-flex-wrap: nowrap;
  flex-wrap: nowrap;
  -webkit-order: 0;
  -ms-flex-order: 0;
  order: 0;
  -webkit-box-pack: start;
  -webkit-justify-content: flex-start;
  -ms-flex-pack: start;
  justify-content: flex-start;
  -webkit-align-items: stretch;
  -webkit-box-align: stretch;
  -ms-flex-align: stretch;
  align-items: stretch;
  -webkit-align-content: stretch;
  -ms-flex-line-pack: stretch;
  align-content: stretch;
  background-color: none;
  width: auto;
  height: auto;
  max-height: auto;
  margin: 0;
  padding: 0;
}

@media only screen and (min-width:48rem) {
  .c0 {
    margin: 0;
    padding: 0;
  }
}

@media only screen and (min-width:64rem) {
  .c0 {
    margin: 0;
    padding: 0;
  }
}

@media only screen and (min-width:75rem) {
  .c0 {
    margin: 0;
    padding: 0;
  }
}

@media only screen and (min-width:48rem) {
  .c1 {
    margin: 0;
    padding: 0;
  }
}

@media only screen and (min-width:64rem) {
  .c1 {
    margin: 0;
    padding: 0;
  }
}

@media only screen and (min-width:75rem) {
  .c1 {
    margin: 0;
    padding: 0;
  }
}

@media only screen and (min-width:48rem) {
  .c2 {
    margin: 0;
    padding: 0;
  }
}

@media only screen and (min-width:64rem) {
  .c2 {
    margin: 0;
    padding: 0;
  }
}

@media only screen and (min-width:75rem) {
  .c2 {
    margin: 0;
    padding: 0;
  }
}

@media only screen and (min-width:48rem) {
  .c3 {
    margin: 0;
    padding: 0;
  }
}

@media only screen and (min-width:64rem) {
  .c3 {
    margin: 0;
    padding: 0;
  }
}

@media only screen and (min-width:75rem) {
  .c3 {
    margin: 0;
    padding: 0;
  }
}

<div>
  <div
    className="c0"
  />
  <div
    className="c1"
  />
  <div
    className="c2"
  />
  <div
    className="c3"
  />
</div>
`;

exports[`Box padding 1`] = `
.c10 {
  box-sizing: border-box;
  overflow: auto;
  display: -webkit-box;
  display: -webkit-flex;
  display: -ms-flexbox;
  display: flex;
  -webkit-flex-direction: row;
  -ms-flex-direction: row;
  flex-direction: row;
  -webkit-flex-wrap: nowrap;
  -ms-flex-wrap: nowrap;
  flex-wrap: nowrap;
  -webkit-order: 0;
  -ms-flex-order: 0;
  order: 0;
  -webkit-box-pack: start;
  -webkit-justify-content: flex-start;
  -ms-flex-pack: start;
  justify-content: flex-start;
  -webkit-align-items: stretch;
  -webkit-box-align: stretch;
  -ms-flex-align: stretch;
  align-items: stretch;
  -webkit-align-content: stretch;
  -ms-flex-line-pack: stretch;
  align-content: stretch;
  background-color: none;
  width: auto;
  height: auto;
  max-height: auto;
  margin: 0;
  padding: 0;
}

.c0 {
  box-sizing: border-box;
  overflow: auto;
  display: -webkit-box;
  display: -webkit-flex;
  display: -ms-flexbox;
  display: flex;
  -webkit-flex-direction: row;
  -ms-flex-direction: row;
  flex-direction: row;
  -webkit-flex-wrap: nowrap;
  -ms-flex-wrap: nowrap;
  flex-wrap: nowrap;
  -webkit-order: 0;
  -ms-flex-order: 0;
  order: 0;
  -webkit-box-pack: start;
  -webkit-justify-content: flex-start;
  -ms-flex-pack: start;
  justify-content: flex-start;
  -webkit-align-items: stretch;
  -webkit-box-align: stretch;
  -ms-flex-align: stretch;
  align-items: stretch;
  -webkit-align-content: stretch;
  -ms-flex-line-pack: stretch;
  align-content: stretch;
  background-color: none;
  width: auto;
  height: auto;
  max-height: auto;
  margin: 0;
  padding: 0.4018775720164609rem;
}

.c1 {
  box-sizing: border-box;
  overflow: auto;
  display: -webkit-box;
  display: -webkit-flex;
  display: -ms-flexbox;
  display: flex;
  -webkit-flex-direction: row;
  -ms-flex-direction: row;
  flex-direction: row;
  -webkit-flex-wrap: nowrap;
  -ms-flex-wrap: nowrap;
  flex-wrap: nowrap;
  -webkit-order: 0;
  -ms-flex-order: 0;
  order: 0;
  -webkit-box-pack: start;
  -webkit-justify-content: flex-start;
  -ms-flex-pack: start;
  justify-content: flex-start;
  -webkit-align-items: stretch;
  -webkit-box-align: stretch;
  -ms-flex-align: stretch;
  align-items: stretch;
  -webkit-align-content: stretch;
  -ms-flex-line-pack: stretch;
  align-content: stretch;
  background-color: none;
  width: auto;
  height: auto;
  max-height: auto;
  margin: 0;
  padding: 0.4018775720164609rem 0.6944444444444444rem 0.4018775720164609rem 0.6944444444444444rem;
}

.c2 {
  box-sizing: border-box;
  overflow: auto;
  display: -webkit-box;
  display: -webkit-flex;
  display: -ms-flexbox;
  display: flex;
  -webkit-flex-direction: row;
  -ms-flex-direction: row;
  flex-direction: row;
  -webkit-flex-wrap: nowrap;
  -ms-flex-wrap: nowrap;
  flex-wrap: nowrap;
  -webkit-order: 0;
  -ms-flex-order: 0;
  order: 0;
  -webkit-box-pack: start;
  -webkit-justify-content: flex-start;
  -ms-flex-pack: start;
  justify-content: flex-start;
  -webkit-align-items: stretch;
  -webkit-box-align: stretch;
  -ms-flex-align: stretch;
  align-items: stretch;
  -webkit-align-content: stretch;
  -ms-flex-line-pack: stretch;
  align-content: stretch;
  background-color: none;
  width: auto;
  height: auto;
  max-height: auto;
  margin: 0;
  padding: 0.4018775720164609rem 2.48832rem 1.44rem 0.6944444444444444rem;
}

.c3 {
  box-sizing: border-box;
  overflow: auto;
  display: -webkit-box;
  display: -webkit-flex;
  display: -ms-flexbox;
  display: flex;
  -webkit-flex-direction: row;
  -ms-flex-direction: row;
  flex-direction: row;
  -webkit-flex-wrap: nowrap;
  -ms-flex-wrap: nowrap;
  flex-wrap: nowrap;
  -webkit-order: 0;
  -ms-flex-order: 0;
  order: 0;
  -webkit-box-pack: start;
  -webkit-justify-content: flex-start;
  -ms-flex-pack: start;
  justify-content: flex-start;
  -webkit-align-items: stretch;
  -webkit-box-align: stretch;
  -ms-flex-align: stretch;
  align-items: stretch;
  -webkit-align-content: stretch;
  -ms-flex-line-pack: stretch;
  align-content: stretch;
  background-color: none;
  width: auto;
  height: auto;
  max-height: auto;
  margin: 0;
  padding: 0.4018775720164609rem 1.44rem 0.4018775720164609rem 0.6944444444444444rem;
}

.c4 {
  box-sizing: border-box;
  overflow: auto;
  display: -webkit-box;
  display: -webkit-flex;
  display: -ms-flexbox;
  display: flex;
  -webkit-flex-direction: row;
  -ms-flex-direction: row;
  flex-direction: row;
  -webkit-flex-wrap: nowrap;
  -ms-flex-wrap: nowrap;
  flex-wrap: nowrap;
  -webkit-order: 0;
  -ms-flex-order: 0;
  order: 0;
  -webkit-box-pack: start;
  -webkit-justify-content: flex-start;
  -ms-flex-pack: start;
  justify-content: flex-start;
  -webkit-align-items: stretch;
  -webkit-box-align: stretch;
  -ms-flex-align: stretch;
  align-items: stretch;
  -webkit-align-content: stretch;
  -ms-flex-line-pack: stretch;
  align-content: stretch;
  background-color: none;
  width: auto;
  height: auto;
  max-height: auto;
  margin: 0;
  padding: 0.6944444444444444rem 0.4018775720164609rem 1.44rem 0.4018775720164609rem;
}

.c5 {
  box-sizing: border-box;
  overflow: auto;
  display: -webkit-box;
  display: -webkit-flex;
  display: -ms-flexbox;
  display: flex;
  -webkit-flex-direction: row;
  -ms-flex-direction: row;
  flex-direction: row;
  -webkit-flex-wrap: nowrap;
  -ms-flex-wrap: nowrap;
  flex-wrap: nowrap;
  -webkit-order: 0;
  -ms-flex-order: 0;
  order: 0;
  -webkit-box-pack: start;
  -webkit-justify-content: flex-start;
  -ms-flex-pack: start;
  justify-content: flex-start;
  -webkit-align-items: stretch;
  -webkit-box-align: stretch;
  -ms-flex-align: stretch;
  align-items: stretch;
  -webkit-align-content: stretch;
  -ms-flex-line-pack: stretch;
  align-content: stretch;
  background-color: none;
  width: auto;
  height: auto;
  max-height: auto;
  margin: 0;
  padding: 1em;
}

.c6 {
  box-sizing: border-box;
  overflow: auto;
  display: -webkit-box;
  display: -webkit-flex;
  display: -ms-flexbox;
  display: flex;
  -webkit-flex-direction: row;
  -ms-flex-direction: row;
  flex-direction: row;
  -webkit-flex-wrap: nowrap;
  -ms-flex-wrap: nowrap;
  flex-wrap: nowrap;
  -webkit-order: 0;
  -ms-flex-order: 0;
  order: 0;
  -webkit-box-pack: start;
  -webkit-justify-content: flex-start;
  -ms-flex-pack: start;
  justify-content: flex-start;
  -webkit-align-items: stretch;
  -webkit-box-align: stretch;
  -ms-flex-align: stretch;
  align-items: stretch;
  -webkit-align-content: stretch;
  -ms-flex-line-pack: stretch;
  align-content: stretch;
  background-color: none;
  width: auto;
  height: auto;
  max-height: auto;
  margin: 0;
  padding: 1em 2em 1em 2em;
}

.c7 {
  box-sizing: border-box;
  overflow: auto;
  display: -webkit-box;
  display: -webkit-flex;
  display: -ms-flexbox;
  display: flex;
  -webkit-flex-direction: row;
  -ms-flex-direction: row;
  flex-direction: row;
  -webkit-flex-wrap: nowrap;
  -ms-flex-wrap: nowrap;
  flex-wrap: nowrap;
  -webkit-order: 0;
  -ms-flex-order: 0;
  order: 0;
  -webkit-box-pack: start;
  -webkit-justify-content: flex-start;
  -ms-flex-pack: start;
  justify-content: flex-start;
  -webkit-align-items: stretch;
  -webkit-box-align: stretch;
  -ms-flex-align: stretch;
  align-items: stretch;
  -webkit-align-content: stretch;
  -ms-flex-line-pack: stretch;
  align-content: stretch;
  background-color: none;
  width: auto;
  height: auto;
  max-height: auto;
  margin: 0;
  padding: 1em 4em 3em 2em;
}

.c8 {
  box-sizing: border-box;
  overflow: auto;
  display: -webkit-box;
  display: -webkit-flex;
  display: -ms-flexbox;
  display: flex;
  -webkit-flex-direction: row;
  -ms-flex-direction: row;
  flex-direction: row;
  -webkit-flex-wrap: nowrap;
  -ms-flex-wrap: nowrap;
  flex-wrap: nowrap;
  -webkit-order: 0;
  -ms-flex-order: 0;
  order: 0;
  -webkit-box-pack: start;
  -webkit-justify-content: flex-start;
  -ms-flex-pack: start;
  justify-content: flex-start;
  -webkit-align-items: stretch;
  -webkit-box-align: stretch;
  -ms-flex-align: stretch;
  align-items: stretch;
  -webkit-align-content: stretch;
  -ms-flex-line-pack: stretch;
  align-content: stretch;
  background-color: none;
  width: auto;
  height: auto;
  max-height: auto;
  margin: 0;
  padding: 1em 3em 1em 2em;
}

.c9 {
  box-sizing: border-box;
  overflow: auto;
  display: -webkit-box;
  display: -webkit-flex;
  display: -ms-flexbox;
  display: flex;
  -webkit-flex-direction: row;
  -ms-flex-direction: row;
  flex-direction: row;
  -webkit-flex-wrap: nowrap;
  -ms-flex-wrap: nowrap;
  flex-wrap: nowrap;
  -webkit-order: 0;
  -ms-flex-order: 0;
  order: 0;
  -webkit-box-pack: start;
  -webkit-justify-content: flex-start;
  -ms-flex-pack: start;
  justify-content: flex-start;
  -webkit-align-items: stretch;
  -webkit-box-align: stretch;
  -ms-flex-align: stretch;
  align-items: stretch;
  -webkit-align-content: stretch;
  -ms-flex-line-pack: stretch;
  align-content: stretch;
  background-color: none;
  width: auto;
  height: auto;
  max-height: auto;
  margin: 0;
  padding: 2em 1em 3em 1em;
}

.c11 {
  box-sizing: border-box;
  overflow: auto;
  display: -webkit-box;
  display: -webkit-flex;
  display: -ms-flexbox;
  display: flex;
  -webkit-flex-direction: row;
  -ms-flex-direction: row;
  flex-direction: row;
  -webkit-flex-wrap: nowrap;
  -ms-flex-wrap: nowrap;
  flex-wrap: nowrap;
  -webkit-order: 0;
  -ms-flex-order: 0;
  order: 0;
  -webkit-box-pack: start;
  -webkit-justify-content: flex-start;
  -ms-flex-pack: start;
  justify-content: flex-start;
  -webkit-align-items: stretch;
  -webkit-box-align: stretch;
  -ms-flex-align: stretch;
  align-items: stretch;
  -webkit-align-content: stretch;
  -ms-flex-line-pack: stretch;
  align-content: stretch;
  background-color: none;
  width: auto;
  height: auto;
  max-height: auto;
  margin: 0;
  padding: 0.4018775720164609rem;
}

.c12 {
  box-sizing: border-box;
  overflow: auto;
  display: -webkit-box;
  display: -webkit-flex;
  display: -ms-flexbox;
  display: flex;
  -webkit-flex-direction: row;
  -ms-flex-direction: row;
  flex-direction: row;
  -webkit-flex-wrap: nowrap;
  -ms-flex-wrap: nowrap;
  flex-wrap: nowrap;
  -webkit-order: 0;
  -ms-flex-order: 0;
  order: 0;
  -webkit-box-pack: start;
  -webkit-justify-content: flex-start;
  -ms-flex-pack: start;
  justify-content: flex-start;
  -webkit-align-items: stretch;
  -webkit-box-align: stretch;
  -ms-flex-align: stretch;
  align-items: stretch;
  -webkit-align-content: stretch;
  -ms-flex-line-pack: stretch;
  align-content: stretch;
  background-color: none;
  width: auto;
  height: auto;
  max-height: auto;
  margin: 0;
  padding: 0.4018775720164609rem;
}

.c13 {
  box-sizing: border-box;
  overflow: auto;
  display: -webkit-box;
  display: -webkit-flex;
  display: -ms-flexbox;
  display: flex;
  -webkit-flex-direction: row;
  -ms-flex-direction: row;
  flex-direction: row;
  -webkit-flex-wrap: nowrap;
  -ms-flex-wrap: nowrap;
  flex-wrap: nowrap;
  -webkit-order: 0;
  -ms-flex-order: 0;
  order: 0;
  -webkit-box-pack: start;
  -webkit-justify-content: flex-start;
  -ms-flex-pack: start;
  justify-content: flex-start;
  -webkit-align-items: stretch;
  -webkit-box-align: stretch;
  -ms-flex-align: stretch;
  align-items: stretch;
  -webkit-align-content: stretch;
  -ms-flex-line-pack: stretch;
  align-content: stretch;
  background-color: none;
  width: auto;
  height: auto;
  max-height: auto;
  margin: 0;
  padding: 0.4018775720164609rem;
}

@media only screen and (min-width:48rem) {
  .c10 {
    margin: 0;
    padding: 0;
  }
}

@media only screen and (min-width:64rem) {
  .c10 {
    margin: 0;
    padding: 0;
  }
}

@media only screen and (min-width:75rem) {
  .c10 {
    margin: 0;
    padding: 0;
  }
}

@media only screen and (min-width:48rem) {
  .c0 {
    margin: 0;
    padding: 0.4018775720164609rem;
  }
}

@media only screen and (min-width:64rem) {
  .c0 {
    margin: 0;
    padding: 0.4018775720164609rem;
  }
}

@media only screen and (min-width:75rem) {
  .c0 {
    margin: 0;
    padding: 0.4018775720164609rem;
  }
}

@media only screen and (min-width:48rem) {
  .c1 {
    margin: 0;
    padding: 0.4018775720164609rem 0.6944444444444444rem 0.4018775720164609rem 0.6944444444444444rem;
  }
}

@media only screen and (min-width:64rem) {
  .c1 {
    margin: 0;
    padding: 0.4018775720164609rem 0.6944444444444444rem 0.4018775720164609rem 0.6944444444444444rem;
  }
}

@media only screen and (min-width:75rem) {
  .c1 {
    margin: 0;
    padding: 0.4018775720164609rem 0.6944444444444444rem 0.4018775720164609rem 0.6944444444444444rem;
  }
}

@media only screen and (min-width:48rem) {
  .c2 {
    margin: 0;
    padding: 0.4018775720164609rem 2.48832rem 1.44rem 0.6944444444444444rem;
  }
}

@media only screen and (min-width:64rem) {
  .c2 {
    margin: 0;
    padding: 0.4018775720164609rem 2.48832rem 1.44rem 0.6944444444444444rem;
  }
}

@media only screen and (min-width:75rem) {
  .c2 {
    margin: 0;
    padding: 0.4018775720164609rem 2.48832rem 1.44rem 0.6944444444444444rem;
  }
}

@media only screen and (min-width:48rem) {
  .c3 {
    margin: 0;
    padding: 0.4018775720164609rem 1.44rem 0.4018775720164609rem 0.6944444444444444rem;
  }
}

@media only screen and (min-width:64rem) {
  .c3 {
    margin: 0;
    padding: 0.4018775720164609rem 1.44rem 0.4018775720164609rem 0.6944444444444444rem;
  }
}

@media only screen and (min-width:75rem) {
  .c3 {
    margin: 0;
    padding: 0.4018775720164609rem 1.44rem 0.4018775720164609rem 0.6944444444444444rem;
  }
}

@media only screen and (min-width:48rem) {
  .c4 {
    margin: 0;
    padding: 0.6944444444444444rem 0.4018775720164609rem 1.44rem 0.4018775720164609rem;
  }
}

@media only screen and (min-width:64rem) {
  .c4 {
    margin: 0;
    padding: 0.6944444444444444rem 0.4018775720164609rem 1.44rem 0.4018775720164609rem;
  }
}

@media only screen and (min-width:75rem) {
  .c4 {
    margin: 0;
    padding: 0.6944444444444444rem 0.4018775720164609rem 1.44rem 0.4018775720164609rem;
  }
}

@media only screen and (min-width:48rem) {
  .c5 {
    margin: 0;
    padding: 1em;
  }
}

@media only screen and (min-width:64rem) {
  .c5 {
    margin: 0;
    padding: 1em;
  }
}

@media only screen and (min-width:75rem) {
  .c5 {
    margin: 0;
    padding: 1em;
  }
}

@media only screen and (min-width:48rem) {
  .c6 {
    margin: 0;
    padding: 1em 2em 1em 2em;
  }
}

@media only screen and (min-width:64rem) {
  .c6 {
    margin: 0;
    padding: 1em 2em 1em 2em;
  }
}

@media only screen and (min-width:75rem) {
  .c6 {
    margin: 0;
    padding: 1em 2em 1em 2em;
  }
}

@media only screen and (min-width:48rem) {
  .c7 {
    margin: 0;
    padding: 1em 4em 3em 2em;
  }
}

@media only screen and (min-width:64rem) {
  .c7 {
    margin: 0;
    padding: 1em 4em 3em 2em;
  }
}

@media only screen and (min-width:75rem) {
  .c7 {
    margin: 0;
    padding: 1em 4em 3em 2em;
  }
}

@media only screen and (min-width:48rem) {
  .c8 {
    margin: 0;
    padding: 1em 3em 1em 2em;
  }
}

@media only screen and (min-width:64rem) {
  .c8 {
    margin: 0;
    padding: 1em 3em 1em 2em;
  }
}

@media only screen and (min-width:75rem) {
  .c8 {
    margin: 0;
    padding: 1em 3em 1em 2em;
  }
}

@media only screen and (min-width:48rem) {
  .c9 {
    margin: 0;
    padding: 2em 1em 3em 1em;
  }
}

@media only screen and (min-width:64rem) {
  .c9 {
    margin: 0;
    padding: 2em 1em 3em 1em;
  }
}

@media only screen and (min-width:75rem) {
  .c9 {
    margin: 0;
    padding: 2em 1em 3em 1em;
  }
}

@media only screen and (min-width:48rem) {
  .c11 {
    margin: 0;
    padding: 0.6944444444444444rem;
  }
}

@media only screen and (min-width:64rem) {
  .c11 {
    margin: 0;
    padding: 0.6944444444444444rem;
  }
}

@media only screen and (min-width:75rem) {
  .c11 {
    margin: 0;
    padding: 0.6944444444444444rem;
  }
}

@media only screen and (min-width:48rem) {
  .c12 {
    margin: 0;
    padding: 0.6944444444444444rem;
  }
}

@media only screen and (min-width:64rem) {
  .c12 {
    margin: 0;
    padding: 1.44rem;
  }
}

@media only screen and (min-width:75rem) {
  .c12 {
    margin: 0;
    padding: 1.44rem;
  }
}

@media only screen and (min-width:48rem) {
  .c13 {
    margin: 0;
    padding: 0.6944444444444444rem;
  }
}

@media only screen and (min-width:64rem) {
  .c13 {
    margin: 0;
    padding: 1.44rem;
  }
}

@media only screen and (min-width:75rem) {
  .c13 {
    margin: 0;
    padding: 2.48832rem;
  }
}

<div>
  <div
    className="c0"
  />
  <div
    className="c1"
  />
  <div
    className="c2"
  />
  <div
    className="c3"
  />
  <div
    className="c4"
  />
  <div
    className="c5"
  />
  <div
    className="c6"
  />
  <div
    className="c7"
  />
  <div
    className="c8"
  />
  <div
    className="c9"
  />
  <div
    className="c10"
  />
  <div
    className="c0"
  />
  <div
    className="c11"
  />
  <div
    className="c12"
  />
  <div
    className="c13"
  />
</div>
`;

exports[`Box theme 1`] = `
.c0 {
  box-sizing: border-box;
  overflow: auto;
  display: -webkit-box;
  display: -webkit-flex;
  display: -ms-flexbox;
  display: flex;
  -webkit-flex-direction: row;
  -ms-flex-direction: row;
  flex-direction: row;
  -webkit-flex-wrap: nowrap;
  -ms-flex-wrap: nowrap;
  flex-wrap: nowrap;
  -webkit-order: 0;
  -ms-flex-order: 0;
  order: 0;
  -webkit-box-pack: start;
  -webkit-justify-content: flex-start;
  -ms-flex-pack: start;
  justify-content: flex-start;
  -webkit-align-items: stretch;
  -webkit-box-align: stretch;
  -ms-flex-align: stretch;
  align-items: stretch;
  -webkit-align-content: stretch;
  -ms-flex-line-pack: stretch;
  align-content: stretch;
  background-color: #aabbcc;
  width: auto;
  height: auto;
  max-height: auto;
  margin: 0;
  padding: 0;
}

.c1 {
  box-sizing: border-box;
  overflow: auto;
  display: -webkit-box;
  display: -webkit-flex;
  display: -ms-flexbox;
  display: flex;
  -webkit-flex-direction: row;
  -ms-flex-direction: row;
  flex-direction: row;
  -webkit-flex-wrap: nowrap;
  -ms-flex-wrap: nowrap;
  flex-wrap: nowrap;
  -webkit-order: 0;
  -ms-flex-order: 0;
  order: 0;
  -webkit-box-pack: start;
  -webkit-justify-content: flex-start;
  -ms-flex-pack: start;
  justify-content: flex-start;
  -webkit-align-items: stretch;
  -webkit-box-align: stretch;
  -ms-flex-align: stretch;
  align-items: stretch;
  -webkit-align-content: stretch;
  -ms-flex-line-pack: stretch;
  align-content: stretch;
  background-color: #cafeee;
  width: auto;
  height: auto;
  max-height: auto;
  margin: 0;
  padding: 0;
}

@media only screen and (min-width:48rem) {
  .c0 {
    margin: 0;
    padding: 0;
  }
}

@media only screen and (min-width:64rem) {
  .c0 {
    margin: 0;
    padding: 0;
  }
}

@media only screen and (min-width:75rem) {
  .c0 {
    margin: 0;
    padding: 0;
  }
}

@media only screen and (min-width:48rem) {
  .c1 {
    margin: 0;
    padding: 0;
  }
}

@media only screen and (min-width:64rem) {
  .c1 {
    margin: 0;
    padding: 0;
  }
}

@media only screen and (min-width:75rem) {
  .c1 {
    margin: 0;
    padding: 0;
  }
}

<div>
  <div
    className="c0"
  />
  <div
    className="c1"
  />
</div>
`;

exports[`Box width 1`] = `
.c0 {
  box-sizing: border-box;
  overflow: auto;
  display: -webkit-box;
  display: -webkit-flex;
  display: -ms-flexbox;
  display: flex;
  -webkit-flex-direction: row;
  -ms-flex-direction: row;
  flex-direction: row;
  -webkit-flex-wrap: nowrap;
  -ms-flex-wrap: nowrap;
  flex-wrap: nowrap;
  -webkit-order: 0;
  -ms-flex-order: 0;
  order: 0;
  -webkit-box-pack: start;
  -webkit-justify-content: flex-start;
  -ms-flex-pack: start;
  justify-content: flex-start;
  -webkit-align-items: stretch;
  -webkit-box-align: stretch;
  -ms-flex-align: stretch;
  align-items: stretch;
  -webkit-align-content: stretch;
  -ms-flex-line-pack: stretch;
  align-content: stretch;
  background-color: none;
  width: 100px;
  height: auto;
  max-height: auto;
  margin: 0;
  padding: 0;
}

@media only screen and (min-width:48rem) {
  .c0 {
    margin: 0;
    padding: 0;
  }
}

@media only screen and (min-width:64rem) {
  .c0 {
    margin: 0;
    padding: 0;
  }
}

@media only screen and (min-width:75rem) {
  .c0 {
    margin: 0;
    padding: 0;
  }
}

<div>
  <div
    className="c0"
  />
</div>
`;

exports[`Box wrap 1`] = `
.c0 {
  box-sizing: border-box;
  overflow: auto;
  display: -webkit-box;
  display: -webkit-flex;
  display: -ms-flexbox;
  display: flex;
  -webkit-flex-direction: row;
  -ms-flex-direction: row;
  flex-direction: row;
  -webkit-flex-wrap: wrap;
  -ms-flex-wrap: wrap;
  flex-wrap: wrap;
  -webkit-order: 0;
  -ms-flex-order: 0;
  order: 0;
  -webkit-box-pack: start;
  -webkit-justify-content: flex-start;
  -ms-flex-pack: start;
  justify-content: flex-start;
  -webkit-align-items: stretch;
  -webkit-box-align: stretch;
  -ms-flex-align: stretch;
  align-items: stretch;
  -webkit-align-content: stretch;
  -ms-flex-line-pack: stretch;
  align-content: stretch;
  background-color: none;
  width: auto;
  height: auto;
  max-height: auto;
  margin: 0;
  padding: 0;
}

@media only screen and (min-width:48rem) {
  .c0 {
    margin: 0;
    padding: 0;
  }
}

@media only screen and (min-width:64rem) {
  .c0 {
    margin: 0;
    padding: 0;
  }
}

@media only screen and (min-width:75rem) {
  .c0 {
    margin: 0;
    padding: 0;
  }
}

<div>
  <div
    className="c0"
  />
</div>
`;
